// Jest Snapshot v1, https://goo.gl/fbAQLP

exports[`<Footer /> renders without crashing 1`] = `
<div
  className="footer"
>
  <div
    className="delimiter-2"
  />
  <div>
    <span
      className="logotype"
    >
      <span
        className="bold"
      >
        netflix
      </span>
      roulette
    </span>
  </div>
  <div
    className="delimiter-2"
  />
</div>
`;
